[tsn.ua/ukrayina/nischat-vlasnu-tehniku-i-vidayut-yiyi-za-ukrayinsku-schob-pokazati-svoyi-peremogi-sbu-oprilyudnila-rozmovu-okupantiv-2026117.html]
[backblue.gif]
[fade.gif]
[index.html]
[tsn.ua/ukrayina/nasha-brigada-konkretno-obis-las-okupant-telefonom-pozhalivsya-druzhini-scho-yim-vazhko-voyuvati-z-zsu-2025274.html]
[tsn.ua/ukrayina/ukrayina-hoche-mati-mozhlivist-mobilizuvati-milyon-rezervistiv-arahamiya-pro-novu-oboronnu-koncepciyu-2025034.html]
[tsn.ua/ukrayina/tiktok-viyska-kadirova-viklali-video-realnogo-boyu-z-banderivskim-svitloforom-i-porozhnoyu-budivleyu-video-2025175.html]
[tsn.ua/ukrayina/nischat-vlasnu-tehniku-i-vidayut-yiyi-za-ukrayinsku-schob-pokazati-svoyi-peremogi-sbu-oprilyudnila-rozmovu-okupantiv-2026117.html]
[tsn.ua/ukrayina/nasha-brigada-konkretno-obis-las-okupant-telefonom-pozhalivsya-druzhini-scho-yim-vazhko-voyuvati-z-zsu-2025274.html]
[tsn.ua/ukrayina/ukrayina-hoche-mati-mozhlivist-mobilizuvati-milyon-rezervistiv-arahamiya-pro-novu-oboronnu-koncepciyu-2025034.html]
[tsn.ua/ukrayina/pid-zavalami-budivli-mikolayivskoyi-oda-znayshli-sche-troh-zagiblih-kilkist-zhertv-vzhe-nalichuye-28-lyudey-2026126.html]
[tsn.ua/ukrayina/(/[^/index6560.html]
[tsn.ua/ukrayina/[^/indexa3c0.html]
[tsn.ua/ukrayina/fsb-zlila-ukrayinskiy-rozvidci-dani-pro-kadirivciv-2024491.html]
[tsn.ua/ukrayina/tiktok-viyska-kadirova-viklali-video-realnogo-boyu-z-banderivskim-svitloforom-i-porozhnoyu-budivleyu-video-2025175.html]
[tsn.ua/ukrayina/pid-zavalami-budivli-mikolayivskoyi-oda-znayshli-sche-troh-zagiblih-kilkist-zhertv-vzhe-nalichuye-28-lyudey-2026126.html]
[tsn.ua/ukrayina/(/[^/index6560.html]
[tsn.ua/ukrayina/[^/indexa3c0.html]
[tsn.ua/ukrayina/fsb-zlila-ukrayinskiy-rozvidci-dani-pro-kadirivciv-2024491.html]
[tsn.ua/ukrayina/malenke-serdenko-ne-vitrimalo-u-lisichansku-pomerla-ditina-v-budinok-yakoyi-priletiv-snaryad-okupantiv-2025172.html]
[tsn.ua/ukrayina/malenke-serdenko-ne-vitrimalo-u-lisichansku-pomerla-ditina-v-budinok-yakoyi-priletiv-snaryad-okupantiv-2025172.html]
